{"level":"info","message":"Prisma Database connected","timestamp":"2026-05-13 12:48:21"}
{"level":"info","message":"Prisma Database connected","timestamp":"2026-05-13 13:10:52"}
{"clientVersion":"7.8.0","code":"P2020","level":"error","message":"\nInvalid `prisma.webhookEvent.findFirst()` invocation in\nC:\\Users\\HP\\Desktop\\finx\\apps\\api\\src\\modules\\webhooks\\repository\\webhook.repository.ts:11:56\n\n   8 export async function processIdempodentWebhook(input: { providerEventId: number; payload: object; eventType: string; reply: FastifyReply }) {\n   9   try {\n  10     const { payload, providerEventId, eventType, reply } = input;\n→ 11     const alreadyProcessed = await prisma.webhookEvent.findFirst(\nValue out of range for the type: value \"6149540364\" is out of range for type integer","meta":{"driverAdapterError":{"cause":{"cause":"value \"6149540364\" is out of range for type integer","kind":"ValueOutOfRange","originalCode":"22003","originalMessage":"value \"6149540364\" is out of range for type integer"},"name":"DriverAdapterError"},"modelName":"WebhookEvent"},"name":"PrismaClientKnownRequestError","stack":"PrismaClientKnownRequestError: \nInvalid `prisma.webhookEvent.findFirst()` invocation in\nC:\\Users\\HP\\Desktop\\finx\\apps\\api\\src\\modules\\webhooks\\repository\\webhook.repository.ts:11:56\n\n   8 export async function processIdempodentWebhook(input: { providerEventId: number; payload: object; eventType: string; reply: FastifyReply }) {\n   9   try {\n  10     const { payload, providerEventId, eventType, reply } = input;\n→ 11     const alreadyProcessed = await prisma.webhookEvent.findFirst(\nValue out of range for the type: value \"6149540364\" is out of range for type integer\n    at zr.handleRequestError (C:\\Users\\HP\\Desktop\\finx\\node_modules\\.pnpm\\@prisma+client@7.8.0_prisma_8386e61a6b58a9fb107b3550c4779d9a\\node_modules\\@prisma\\client\\src\\runtime\\RequestHandler.ts:237:13)\n    at zr.handleAndLogRequestError (C:\\Users\\HP\\Desktop\\finx\\node_modules\\.pnpm\\@prisma+client@7.8.0_prisma_8386e61a6b58a9fb107b3550c4779d9a\\node_modules\\@prisma\\client\\src\\runtime\\RequestHandler.ts:183:12)\n    at zr.request (C:\\Users\\HP\\Desktop\\finx\\node_modules\\.pnpm\\@prisma+client@7.8.0_prisma_8386e61a6b58a9fb107b3550c4779d9a\\node_modules\\@prisma\\client\\src\\runtime\\RequestHandler.ts:152:12)\n    at process.processTicksAndRejections (node:internal/process/task_queues:105:5)\n    at async a (C:\\Users\\HP\\Desktop\\finx\\node_modules\\.pnpm\\@prisma+client@7.8.0_prisma_8386e61a6b58a9fb107b3550c4779d9a\\node_modules\\@prisma\\client\\src\\runtime\\getPrismaClient.ts:963:24)\n    at async processIdempodentWebhook (C:\\Users\\HP\\Desktop\\finx\\apps\\api\\src\\modules\\webhooks\\repository\\webhook.repository.ts:11:30)","timestamp":"2026-05-15 15:54:18"}
{"level":"error","message":"NO PAYMENT INTENT FOUND FOR PAYMENT INTENT REFERENCE :  save_unique_ref_001","timestamp":"2026-05-16 03:54:30"}
{"level":"error","message":"NO PAYMENT INTENT FOUND FOR PAYMENT INTENT REFERENCE :  save_unique_ref_146","timestamp":"2026-05-16 04:18:48"}
{"attempt":0,"email":"al.xu@domain.io","level":"info","message":"[AUTH] register called","timestamp":"2026-05-16 04:59:51"}
{"attempt":0,"level":"info","message":"[AUTH] generating finxTag","timestamp":"2026-05-16 05:00:02"}
{"email":"al.xu@domain.io","finxTag":"alxu","level":"info","message":"[AUTH] creating user + wallet","timestamp":"2026-05-16 05:00:02"}
{"level":"info","message":"[AUTH] user created successfully","timestamp":"2026-05-16 05:00:07","userId":"9cff2b32-da27-4c9a-8df5-3b5fa36d9dfd","walletId":"2219b89e-d284-472a-966e-6192e8832d5b"}
{"level":"info","message":"[AUTH] creating session bundle","timestamp":"2026-05-16 05:00:07","userId":"9cff2b32-da27-4c9a-8df5-3b5fa36d9dfd"}
{"attempt":0,"email":"ben.ju@domain.io","level":"info","message":"[AUTH] register called","timestamp":"2026-05-16 20:02:53"}
{"attempt":0,"level":"info","message":"[AUTH] generating finxTag","timestamp":"2026-05-16 20:02:59"}
{"email":"ben.ju@domain.io","finxTag":"benju","level":"info","message":"[AUTH] creating user + wallet","timestamp":"2026-05-16 20:03:00"}
{"level":"info","message":"[AUTH] user created successfully","timestamp":"2026-05-16 20:03:05","userId":"2eaf8b0c-e63c-4f5e-aa8f-e2531c4387e0","walletId":"4ac2131d-e6e3-47ae-b2c1-ad685e9b87c4"}
{"level":"info","message":"[AUTH] creating session bundle","timestamp":"2026-05-16 20:03:05","userId":"2eaf8b0c-e63c-4f5e-aa8f-e2531c4387e0"}
{"email":"ben.ju@domain.io","level":"info","message":"[AUTH] queueing welcome email","timestamp":"2026-05-16 20:03:06"}
{"level":"info","message":"[AUTH] registration completed","timestamp":"2026-05-16 20:03:08","userId":"2eaf8b0c-e63c-4f5e-aa8f-e2531c4387e0"}
{"attempt":0,"email":"xeen.ju@domain.io","level":"info","message":"[AUTH] register called","timestamp":"2026-05-16 20:25:23"}
{"attempt":0,"level":"info","message":"[AUTH] generating finxTag","timestamp":"2026-05-16 20:25:30"}
{"email":"xeen.ju@domain.io","finxTag":"xentu","level":"info","message":"[AUTH] creating user + wallet","timestamp":"2026-05-16 20:25:31"}
{"level":"info","message":"[AUTH] user created successfully","timestamp":"2026-05-16 20:25:32","userId":"d369b002-d9a9-41af-a26d-297245cb66bf","walletId":"4e6815a4-88ce-4623-85a2-57474e8b3125"}
{"level":"info","message":"[AUTH] creating session bundle","timestamp":"2026-05-16 20:25:32","userId":"d369b002-d9a9-41af-a26d-297245cb66bf"}
{"email":"xeen.ju@domain.io","level":"info","message":"[AUTH] queueing welcome email","timestamp":"2026-05-16 20:25:33"}
{"level":"info","message":"[AUTH] registration completed","timestamp":"2026-05-16 20:25:38","userId":"d369b002-d9a9-41af-a26d-297245cb66bf"}
{"attempt":0,"email":"jen.tu@domain.io","level":"info","message":"[AUTH] register called","timestamp":"2026-05-16 20:30:09"}
{"attempt":0,"level":"info","message":"[AUTH] generating finxTag","timestamp":"2026-05-16 20:30:15"}
{"email":"jen.tu@domain.io","finxTag":"jentu","level":"info","message":"[AUTH] creating user + wallet","timestamp":"2026-05-16 20:30:16"}
{"level":"info","message":"[AUTH] user created successfully","timestamp":"2026-05-16 20:30:20","userId":"7fc1f320-a5b0-4053-989d-b8c9d8ee3517","walletId":"7304825e-0ce6-4764-bf41-f3dfb3f74ad8"}
{"level":"info","message":"[AUTH] creating session bundle","timestamp":"2026-05-16 20:30:20","userId":"7fc1f320-a5b0-4053-989d-b8c9d8ee3517"}
{"email":"jen.tu@domain.io","level":"info","message":"[AUTH] queueing welcome email","timestamp":"2026-05-16 20:30:21"}
{"level":"info","message":"[AUTH] registration completed","timestamp":"2026-05-16 20:30:22","userId":"7fc1f320-a5b0-4053-989d-b8c9d8ee3517"}
{"level":"info","message":"[AUTH] creating session bundle","timestamp":"2026-05-16 20:45:21","userId":"d369b002-d9a9-41af-a26d-297245cb66bf"}
{"level":"info","message":"[AUTH] creating session bundle","timestamp":"2026-05-16 21:18:28","userId":"d369b002-d9a9-41af-a26d-297245cb66bf"}
{"level":"info","message":"[AUTH] creating session bundle","timestamp":"2026-05-16 22:01:20","userId":"d369b002-d9a9-41af-a26d-297245cb66bf"}
{"level":"info","message":"[AUTH] creating session bundle","timestamp":"2026-05-16 22:14:00","userId":"d369b002-d9a9-41af-a26d-297245cb66bf"}
{"level":"info","message":"[AUTH] creating session bundle","timestamp":"2026-05-16 22:23:25","userId":"d369b002-d9a9-41af-a26d-297245cb66bf"}
{"level":"info","message":"[AUTH] creating session bundle","timestamp":"2026-05-16 22:40:03","userId":"d369b002-d9a9-41af-a26d-297245cb66bf"}
{"level":"info","message":"[AUTH] creating session bundle","timestamp":"2026-05-16 23:01:34","userId":"d369b002-d9a9-41af-a26d-297245cb66bf"}
{"level":"info","message":"[AUTH] creating session bundle","timestamp":"2026-05-16 23:12:37","userId":"d369b002-d9a9-41af-a26d-297245cb66bf"}
{"attempt":0,"email":"devkol1@gmail.com","level":"info","message":"[AUTH] register called","timestamp":"2026-05-18 14:42:17"}
{"attempt":0,"level":"info","message":"[AUTH] generating finxTag","timestamp":"2026-05-18 14:42:27"}
{"email":"devkol1@gmail.com","finxTag":"devkol","level":"info","message":"[AUTH] creating user + wallet","timestamp":"2026-05-18 14:42:27"}
{"level":"info","message":"[AUTH] user created successfully","timestamp":"2026-05-18 14:42:28","userId":"fd1737bf-73ae-4133-8406-5dcc326c78e7","walletId":"d8a5870e-c484-4c3b-b218-7903a62c645c"}
{"level":"info","message":"[AUTH] creating session bundle","timestamp":"2026-05-18 14:42:28","userId":"fd1737bf-73ae-4133-8406-5dcc326c78e7"}
{"email":"devkol1@gmail.com","level":"info","message":"[AUTH] queueing welcome email","timestamp":"2026-05-18 14:42:29"}
{"level":"info","message":"[AUTH] registration completed","timestamp":"2026-05-18 14:42:31","userId":"fd1737bf-73ae-4133-8406-5dcc326c78e7"}
{"attempt":0,"email":"cen.xu@domain.io","level":"info","message":"[AUTH] register called","timestamp":"2026-05-18 14:45:37"}
{"attempt":0,"level":"info","message":"[AUTH] generating finxTag","timestamp":"2026-05-18 14:45:39"}
{"email":"cen.xu@domain.io","finxTag":"cenxu","level":"info","message":"[AUTH] creating user + wallet","timestamp":"2026-05-18 14:45:41"}
{"level":"info","message":"[AUTH] user created successfully","timestamp":"2026-05-18 14:45:43","userId":"d045040e-fdb2-4226-895a-86d0cdd8e775","walletId":"fd5d61d0-6213-4fa2-b302-0735f2926f52"}
{"level":"info","message":"[AUTH] creating session bundle","timestamp":"2026-05-18 14:45:43","userId":"d045040e-fdb2-4226-895a-86d0cdd8e775"}
{"email":"cen.xu@domain.io","level":"info","message":"[AUTH] queueing welcome email","timestamp":"2026-05-18 14:45:44"}
{"level":"info","message":"[AUTH] registration completed","timestamp":"2026-05-18 14:45:45","userId":"d045040e-fdb2-4226-895a-86d0cdd8e775"}
{"attempt":0,"email":"jen.xu@domain.io","level":"info","message":"[AUTH] register called","timestamp":"2026-05-18 14:48:01"}
{"attempt":0,"level":"info","message":"[AUTH] generating finxTag","timestamp":"2026-05-18 14:48:09"}
{"email":"jen.xu@domain.io","finxTag":"jenxu","level":"info","message":"[AUTH] creating user + wallet","timestamp":"2026-05-18 14:48:09"}
{"attempt":0,"email":"jen.xu@domain.io","level":"info","message":"[AUTH] register called","timestamp":"2026-05-18 14:53:48"}
{"attempt":0,"email":"jen.xu@domain.io","level":"info","message":"[AUTH] register called","timestamp":"2026-05-18 14:54:09"}
{"attempt":0,"email":"jen.xu@domain.io","level":"info","message":"[AUTH] register called","timestamp":"2026-05-18 14:54:30"}
{"attempt":0,"level":"info","message":"[AUTH] generating finxTag","timestamp":"2026-05-18 14:54:33"}
{"email":"jen.xu@domain.io","finxTag":"jenxu","level":"info","message":"[AUTH] creating user + wallet","timestamp":"2026-05-18 14:54:33"}
{"level":"info","message":"[AUTH] user created successfully","timestamp":"2026-05-18 14:54:37","userId":"ff3ac00e-612e-43bd-a3a3-ab69f789fe34","walletId":"bd3c408d-69a3-452f-9b87-3153aef9c964"}
{"level":"info","message":"[AUTH] creating session bundle","timestamp":"2026-05-18 14:54:37","userId":"ff3ac00e-612e-43bd-a3a3-ab69f789fe34"}
{"email":"jen.xu@domain.io","level":"info","message":"[AUTH] queueing welcome email","timestamp":"2026-05-18 14:54:37"}
{"level":"info","message":"[AUTH] registration completed","timestamp":"2026-05-18 14:54:43","userId":"ff3ac00e-612e-43bd-a3a3-ab69f789fe34"}
{"level":"info","message":"[AUTH] creating session bundle","timestamp":"2026-05-18 14:55:08","userId":"ff3ac00e-612e-43bd-a3a3-ab69f789fe34"}
{"level":"info","message":"[AUTH] creating session bundle","timestamp":"2026-05-18 14:55:37","userId":"ff3ac00e-612e-43bd-a3a3-ab69f789fe34"}
{"attempt":0,"email":"devxero@io.com","level":"info","message":"[AUTH] register called","timestamp":"2026-05-20 03:17:34"}
{"attempt":0,"level":"info","message":"[AUTH] generating finxTag","timestamp":"2026-05-20 03:17:37"}
{"email":"devxero@io.com","finxTag":"devxero","level":"info","message":"[AUTH] creating user + wallet","timestamp":"2026-05-20 03:17:37"}
{"level":"info","message":"[AUTH] user created successfully","timestamp":"2026-05-20 03:17:40","userId":"362b5b3e-1e69-45ca-99f5-2e48b1a1bd99","walletId":"b62544b9-151f-4458-98bf-3cf32a648d0d"}
{"level":"info","message":"[AUTH] creating session bundle","timestamp":"2026-05-20 03:17:40","userId":"362b5b3e-1e69-45ca-99f5-2e48b1a1bd99"}
{"email":"devxero@io.com","level":"info","message":"[AUTH] queueing welcome email","timestamp":"2026-05-20 03:17:41"}
{"level":"info","message":"[AUTH] registration completed","timestamp":"2026-05-20 03:17:42","userId":"362b5b3e-1e69-45ca-99f5-2e48b1a1bd99"}
{"level":"info","message":"[AUTH] creating session bundle","timestamp":"2026-05-20 03:18:08","userId":"362b5b3e-1e69-45ca-99f5-2e48b1a1bd99"}
{"level":"info","message":"[AUTH] creating session bundle","timestamp":"2026-05-20 16:55:32","userId":"362b5b3e-1e69-45ca-99f5-2e48b1a1bd99"}
{"level":"info","message":"[AUTH] creating session bundle","timestamp":"2026-05-20 17:00:57","userId":"362b5b3e-1e69-45ca-99f5-2e48b1a1bd99"}
{"level":"info","message":"[AUTH] creating session bundle","timestamp":"2026-05-20 17:02:39","userId":"362b5b3e-1e69-45ca-99f5-2e48b1a1bd99"}
{"level":"info","message":"[AUTH] creating session bundle","timestamp":"2026-05-20 17:06:30","userId":"362b5b3e-1e69-45ca-99f5-2e48b1a1bd99"}
{"level":"info","message":"[AUTH] creating session bundle","timestamp":"2026-05-20 17:08:21","userId":"362b5b3e-1e69-45ca-99f5-2e48b1a1bd99"}
{"level":"info","message":"[AUTH] creating session bundle","timestamp":"2026-05-20 17:10:14","userId":"362b5b3e-1e69-45ca-99f5-2e48b1a1bd99"}
{"level":"info","message":"[AUTH] creating session bundle","timestamp":"2026-05-20 17:16:14","userId":"362b5b3e-1e69-45ca-99f5-2e48b1a1bd99"}
{"level":"info","message":"[AUTH] creating session bundle","timestamp":"2026-05-20 17:41:53","userId":"362b5b3e-1e69-45ca-99f5-2e48b1a1bd99"}
{"level":"info","message":"[AUTH] creating session bundle","timestamp":"2026-05-20 18:17:23","userId":"362b5b3e-1e69-45ca-99f5-2e48b1a1bd99"}
{"level":"info","message":"[AUTH] creating session bundle","timestamp":"2026-05-20 18:21:46","userId":"362b5b3e-1e69-45ca-99f5-2e48b1a1bd99"}
{"level":"info","message":"[AUTH] creating session bundle","timestamp":"2026-05-20 18:30:48","userId":"362b5b3e-1e69-45ca-99f5-2e48b1a1bd99"}
{"level":"info","message":"[AUTH] creating session bundle","timestamp":"2026-05-20 20:01:38","userId":"362b5b3e-1e69-45ca-99f5-2e48b1a1bd99"}
{"level":"info","message":"[AUTH] creating session bundle","timestamp":"2026-05-21 18:34:55","userId":"362b5b3e-1e69-45ca-99f5-2e48b1a1bd99"}
{"level":"info","message":"[AUTH] creating session bundle","timestamp":"2026-05-21 18:38:11","userId":"ff3ac00e-612e-43bd-a3a3-ab69f789fe34"}
{"level":"info","message":"[AUTH] creating session bundle","timestamp":"2026-05-21 18:38:48","userId":"362b5b3e-1e69-45ca-99f5-2e48b1a1bd99"}
{"level":"info","message":"[AUTH] creating session bundle","timestamp":"2026-05-21 19:11:33","userId":"362b5b3e-1e69-45ca-99f5-2e48b1a1bd99"}
{"level":"info","message":"[AUTH] creating session bundle","timestamp":"2026-05-21 19:34:56","userId":"362b5b3e-1e69-45ca-99f5-2e48b1a1bd99"}
{"level":"info","message":"[AUTH] creating session bundle","timestamp":"2026-05-21 19:47:21","userId":"362b5b3e-1e69-45ca-99f5-2e48b1a1bd99"}
{"level":"info","message":"[AUTH] creating session bundle","timestamp":"2026-05-22 02:48:06","userId":"362b5b3e-1e69-45ca-99f5-2e48b1a1bd99"}
{"level":"info","message":"[AUTH] creating session bundle","timestamp":"2026-05-22 03:09:45","userId":"362b5b3e-1e69-45ca-99f5-2e48b1a1bd99"}
{"level":"info","message":"[AUTH] creating session bundle","timestamp":"2026-05-22 03:24:07","userId":"362b5b3e-1e69-45ca-99f5-2e48b1a1bd99"}
{"level":"info","message":"[AUTH] creating session bundle","timestamp":"2026-05-22 03:24:42","userId":"362b5b3e-1e69-45ca-99f5-2e48b1a1bd99"}
{"level":"info","message":"[AUTH] creating session bundle","timestamp":"2026-05-22 03:32:29","userId":"362b5b3e-1e69-45ca-99f5-2e48b1a1bd99"}
{"level":"info","message":"[AUTH] creating session bundle","timestamp":"2026-05-22 03:40:04","userId":"362b5b3e-1e69-45ca-99f5-2e48b1a1bd99"}
{"level":"info","message":"[AUTH] creating session bundle","timestamp":"2026-05-22 03:47:55","userId":"362b5b3e-1e69-45ca-99f5-2e48b1a1bd99"}
{"level":"info","message":"[AUTH] creating session bundle","timestamp":"2026-05-22 05:16:34","userId":"362b5b3e-1e69-45ca-99f5-2e48b1a1bd99"}
{"level":"info","message":"[AUTH] creating session bundle","timestamp":"2026-05-22 05:22:32","userId":"362b5b3e-1e69-45ca-99f5-2e48b1a1bd99"}
{"level":"info","message":"[AUTH] creating session bundle","timestamp":"2026-05-22 05:34:39","userId":"362b5b3e-1e69-45ca-99f5-2e48b1a1bd99"}
{"attempt":0,"email":"devkol@io.com","level":"info","message":"[AUTH] register called","timestamp":"2026-05-22 05:39:17"}
{"attempt":0,"level":"info","message":"[AUTH] generating finxTag","timestamp":"2026-05-22 05:39:19"}
{"email":"devkol@io.com","finxTag":"devkol7322","level":"info","message":"[AUTH] creating user + wallet","timestamp":"2026-05-22 05:39:20"}
{"level":"info","message":"[AUTH] user created successfully","timestamp":"2026-05-22 05:39:21","userId":"185e2500-dad8-409d-aa4e-8c243e67912d","walletId":"a222afea-5c50-458c-aa83-66521d81f9aa"}
{"level":"info","message":"[AUTH] creating session bundle","timestamp":"2026-05-22 05:39:21","userId":"185e2500-dad8-409d-aa4e-8c243e67912d"}
{"email":"devkol@io.com","level":"info","message":"[AUTH] queueing welcome email","timestamp":"2026-05-22 05:39:22"}
{"level":"info","message":"[AUTH] registration completed","timestamp":"2026-05-22 05:39:24","userId":"185e2500-dad8-409d-aa4e-8c243e67912d"}
{"level":"info","message":"[AUTH] creating session bundle","timestamp":"2026-05-22 05:43:38","userId":"362b5b3e-1e69-45ca-99f5-2e48b1a1bd99"}
{"level":"info","message":"[AUTH] creating session bundle","timestamp":"2026-05-22 05:52:55","userId":"362b5b3e-1e69-45ca-99f5-2e48b1a1bd99"}
{"attempt":0,"email":"ngozirose@gmail.com","level":"info","message":"[AUTH] register called","timestamp":"2026-05-22 16:43:25"}
{"attempt":0,"email":"ngozirose@gmail.com","level":"info","message":"[AUTH] register called","timestamp":"2026-05-22 16:43:41"}
{"attempt":0,"email":"ngozirose@gmail.com","level":"info","message":"[AUTH] register called","timestamp":"2026-05-22 16:45:21"}
{"attempt":0,"email":"ngozirose@gmail.com","level":"info","message":"[AUTH] register called","timestamp":"2026-05-22 16:45:35"}
{"attempt":0,"level":"info","message":"[AUTH] generating finxTag","timestamp":"2026-05-22 16:45:40"}
{"email":"ngozirose@gmail.com","finxTag":"ngozirose","level":"info","message":"[AUTH] creating user + wallet","timestamp":"2026-05-22 16:45:40"}
{"level":"info","message":"[AUTH] user created successfully","timestamp":"2026-05-22 16:45:42","userId":"d698edd9-1abe-4e76-b9e8-d3a183cfd415","walletId":"ca3dfa44-a9c4-46f7-b52c-470be22b1806"}
{"level":"info","message":"[AUTH] creating session bundle","timestamp":"2026-05-22 16:45:42","userId":"d698edd9-1abe-4e76-b9e8-d3a183cfd415"}
{"email":"ngozirose@gmail.com","level":"info","message":"[AUTH] queueing welcome email","timestamp":"2026-05-22 16:45:42"}
{"level":"info","message":"[AUTH] registration completed","timestamp":"2026-05-22 16:45:44","userId":"d698edd9-1abe-4e76-b9e8-d3a183cfd415"}
{"level":"info","message":"[AUTH] creating session bundle","timestamp":"2026-05-22 17:15:14","userId":"d698edd9-1abe-4e76-b9e8-d3a183cfd415"}
{"level":"info","message":"[AUTH] creating session bundle","timestamp":"2026-05-22 17:16:27","userId":"185e2500-dad8-409d-aa4e-8c243e67912d"}
{"level":"info","message":"[AUTH] creating session bundle","timestamp":"2026-05-22 17:19:33","userId":"185e2500-dad8-409d-aa4e-8c243e67912d"}
{"level":"info","message":"[AUTH] creating session bundle","timestamp":"2026-05-22 17:22:07","userId":"d698edd9-1abe-4e76-b9e8-d3a183cfd415"}
{"level":"info","message":"[AUTH] creating session bundle","timestamp":"2026-05-22 17:35:32","userId":"d698edd9-1abe-4e76-b9e8-d3a183cfd415"}
{"level":"info","message":"[AUTH] creating session bundle","timestamp":"2026-05-22 17:36:09","userId":"d698edd9-1abe-4e76-b9e8-d3a183cfd415"}
{"level":"info","message":"[AUTH] creating session bundle","timestamp":"2026-05-22 17:52:26","userId":"d698edd9-1abe-4e76-b9e8-d3a183cfd415"}
{"level":"info","message":"[AUTH] creating session bundle","timestamp":"2026-05-22 22:43:21","userId":"d698edd9-1abe-4e76-b9e8-d3a183cfd415"}
{"level":"info","message":"[AUTH] creating session bundle","timestamp":"2026-05-22 22:54:27","userId":"d698edd9-1abe-4e76-b9e8-d3a183cfd415"}
{"level":"info","message":"[AUTH] creating session bundle","timestamp":"2026-05-22 22:59:54","userId":"d698edd9-1abe-4e76-b9e8-d3a183cfd415"}
{"level":"info","message":"[AUTH] creating session bundle","timestamp":"2026-05-22 23:21:15","userId":"d698edd9-1abe-4e76-b9e8-d3a183cfd415"}
{"level":"info","message":"[AUTH] creating session bundle","timestamp":"2026-05-22 23:45:48","userId":"d698edd9-1abe-4e76-b9e8-d3a183cfd415"}
{"level":"info","message":"[AUTH] creating session bundle","timestamp":"2026-05-22 23:49:31","userId":"d698edd9-1abe-4e76-b9e8-d3a183cfd415"}
{"level":"info","message":"[AUTH] creating session bundle","timestamp":"2026-05-22 23:57:03","userId":"d698edd9-1abe-4e76-b9e8-d3a183cfd415"}
{"level":"info","message":"[AUTH] creating session bundle","timestamp":"2026-05-23 00:00:11","userId":"d698edd9-1abe-4e76-b9e8-d3a183cfd415"}
{"level":"info","message":"[AUTH] creating session bundle","timestamp":"2026-05-23 01:46:13","userId":"185e2500-dad8-409d-aa4e-8c243e67912d"}
{"level":"info","message":"[AUTH] creating session bundle","timestamp":"2026-05-23 02:17:26","userId":"185e2500-dad8-409d-aa4e-8c243e67912d"}
{"level":"info","message":"[AUTH] creating session bundle","timestamp":"2026-05-23 02:43:17","userId":"362b5b3e-1e69-45ca-99f5-2e48b1a1bd99"}
{"level":"info","message":"[AUTH] creating session bundle","timestamp":"2026-05-23 02:47:26","userId":"362b5b3e-1e69-45ca-99f5-2e48b1a1bd99"}
{"level":"info","message":"[AUTH] creating session bundle","timestamp":"2026-05-23 03:01:00","userId":"362b5b3e-1e69-45ca-99f5-2e48b1a1bd99"}
{"level":"info","message":"[AUTH] creating session bundle","timestamp":"2026-05-23 03:18:07","userId":"362b5b3e-1e69-45ca-99f5-2e48b1a1bd99"}
{"level":"info","message":"[AUTH] creating session bundle","timestamp":"2026-05-23 03:42:52","userId":"362b5b3e-1e69-45ca-99f5-2e48b1a1bd99"}
{"code":"NOT_FOUND","isOperational":true,"level":"error","message":"[ERROR AT VERIFY KYC : ] User not found","name":"AppError","stack":"AppError: User not found\n    at Function.notFound (C:\\Users\\HP\\Desktop\\finx\\apps\\api\\src\\utils\\ErrorHandler.ts:57:12)\n    at KycService.verifyMockKyc (C:\\Users\\HP\\Desktop\\finx\\apps\\api\\src\\modules\\kyc\\kyc.service.ts:57:28)\n    at process.processTicksAndRejections (node:internal/process/task_queues:105:5)\n    at async Object.verifyBvn (C:\\Users\\HP\\Desktop\\finx\\apps\\api\\src\\modules\\kyc\\http\\kyc.controllers.ts:9:22)","statusCode":404,"timestamp":"2026-05-23 05:35:31"}
{"email":"devxero@io.com","level":"info","message":"[CHECKING IS SYNCED WITH UI","timestamp":"2026-05-23 05:39:11","userId":"362b5b3e-1e69-45ca-99f5-2e48b1a1bd99"}
{"code":"NOT_FOUND","isOperational":true,"level":"error","message":"[ERROR AT VERIFY KYC : ] User not found","name":"AppError","stack":"AppError: User not found\n    at Function.notFound (C:\\Users\\HP\\Desktop\\finx\\apps\\api\\src\\utils\\ErrorHandler.ts:57:12)\n    at KycService.verifyMockKyc (C:\\Users\\HP\\Desktop\\finx\\apps\\api\\src\\modules\\kyc\\kyc.service.ts:57:28)\n    at process.processTicksAndRejections (node:internal/process/task_queues:105:5)\n    at async Object.verifyBvn (C:\\Users\\HP\\Desktop\\finx\\apps\\api\\src\\modules\\kyc\\http\\kyc.controllers.ts:11:22)","statusCode":404,"timestamp":"2026-05-23 05:39:13"}
{"alreadyVerified":true,"level":"info","message":"[CHECKFING RES] Your identity has already been verified.","success":true,"timestamp":"2026-05-23 06:14:48"}
{"alreadyVerified":true,"level":"info","message":"[CHECKFING RES] Your identity has already been verified.","success":true,"timestamp":"2026-05-23 06:16:01"}
{"attempt":0,"email":"anita@io.com","level":"info","message":"[AUTH] register called","timestamp":"2026-05-23 07:36:58"}
{"attempt":0,"level":"info","message":"[AUTH] generating finxTag","timestamp":"2026-05-23 07:37:05"}
{"email":"anita@io.com","finxTag":"anitaokocha","level":"info","message":"[AUTH] creating user + wallet","timestamp":"2026-05-23 07:37:05"}
{"level":"info","message":"[AUTH] user created successfully","timestamp":"2026-05-23 07:37:07","userId":"45fc3303-3c48-4cab-b208-b03a316437ce","walletId":"d962efec-e059-436b-a048-e0a6734362b5"}
{"level":"info","message":"[AUTH] creating session bundle","timestamp":"2026-05-23 07:37:07","userId":"45fc3303-3c48-4cab-b208-b03a316437ce"}
{"email":"anita@io.com","level":"info","message":"[AUTH] queueing welcome email","timestamp":"2026-05-23 07:37:07"}
{"level":"info","message":"[AUTH] registration completed","timestamp":"2026-05-23 07:37:12","userId":"45fc3303-3c48-4cab-b208-b03a316437ce"}
{"alreadyVerified":false,"level":"info","message":"[CHECKFING RES] Your identity has been verified successfully.","success":true,"timestamp":"2026-05-23 07:50:20"}
{"level":"info","message":"[AUTH] creating session bundle","timestamp":"2026-05-23 13:13:27","userId":"45fc3303-3c48-4cab-b208-b03a316437ce"}
{"level":"info","message":"[AUTH] creating session bundle","timestamp":"2026-05-25 17:09:47","userId":"45fc3303-3c48-4cab-b208-b03a316437ce"}
{"alreadyVerified":true,"level":"info","message":"[CHECKFING RES] Your identity has already been verified.","success":true,"timestamp":"2026-05-26 00:23:06"}
{"alreadyVerified":true,"level":"info","message":"[CHECKFING RES] Your identity has already been verified.","success":true,"timestamp":"2026-05-26 00:27:46"}
{"attempt":0,"email":"judith@io.com","level":"info","message":"[AUTH] register called","timestamp":"2026-05-26 00:31:36"}
{"attempt":0,"level":"info","message":"[AUTH] generating finxTag","timestamp":"2026-05-26 00:31:38"}
{"email":"judith@io.com","finxTag":"judithokocha","level":"info","message":"[AUTH] creating user + wallet","timestamp":"2026-05-26 00:31:38"}
{"level":"info","message":"[AUTH] user created successfully","timestamp":"2026-05-26 00:31:41","userId":"7f59985b-6cc0-40eb-ada2-de9d26e3fb46","walletId":"6296360e-9ac2-4a54-b142-d3a66c8aa93e"}
{"level":"info","message":"[AUTH] creating session bundle","timestamp":"2026-05-26 00:31:41","userId":"7f59985b-6cc0-40eb-ada2-de9d26e3fb46"}
{"email":"judith@io.com","level":"info","message":"[AUTH] queueing welcome email","timestamp":"2026-05-26 00:31:42"}
{"level":"info","message":"[AUTH] registration completed","timestamp":"2026-05-26 00:31:42","userId":"7f59985b-6cc0-40eb-ada2-de9d26e3fb46"}
{"level":"info","message":"[AUTH] creating session bundle","timestamp":"2026-05-26 00:34:55","userId":"7f59985b-6cc0-40eb-ada2-de9d26e3fb46"}
{"alreadyVerified":false,"level":"info","message":"[CHECKFING RES] Your identity has been verified successfully.","success":true,"timestamp":"2026-05-26 00:38:04"}
{"level":"info","message":"[AUTH] creating session bundle","timestamp":"2026-05-26 03:06:14","userId":"45fc3303-3c48-4cab-b208-b03a316437ce"}
{"attempt":0,"email":"pre@gmail.com","level":"info","message":"[AUTH] register called","timestamp":"2026-05-26 12:02:22"}
{"attempt":0,"level":"info","message":"[AUTH] generating finxTag","timestamp":"2026-05-26 12:02:24"}
{"email":"pre@gmail.com","finxTag":"preciousokocha","level":"info","message":"[AUTH] creating user + wallet","timestamp":"2026-05-26 12:02:24"}
{"level":"info","message":"[AUTH] user created successfully","timestamp":"2026-05-26 12:02:26","userId":"8de44a47-4a26-4c81-81d1-1e644a4359b5","walletId":"f9f990c3-e597-41a9-a82b-be57d2ac4293"}
{"level":"info","message":"[AUTH] creating session bundle","timestamp":"2026-05-26 12:02:26","userId":"8de44a47-4a26-4c81-81d1-1e644a4359b5"}
{"email":"pre@gmail.com","level":"info","message":"[AUTH] queueing welcome email","timestamp":"2026-05-26 12:02:26"}
{"level":"info","message":"[AUTH] registration completed","timestamp":"2026-05-26 12:02:27","userId":"8de44a47-4a26-4c81-81d1-1e644a4359b5"}
{"alreadyVerified":false,"level":"info","message":"[CHECKFING RES] BVN does not match a recognized issuance pattern.","success":false,"timestamp":"2026-05-26 11:43:21"}
{"alreadyVerified":false,"level":"info","message":"[CHECKFING RES] Your identity has been verified successfully.","success":true,"timestamp":"2026-05-26 20:20:43"}
{"alreadyVerified":true,"level":"info","message":"[CHECKFING RES] Your identity has already been verified.","success":true,"timestamp":"2026-05-26 20:44:20"}
{"level":"info","message":"[AUTH] creating session bundle","timestamp":"2026-05-26 20:35:23","userId":"45fc3303-3c48-4cab-b208-b03a316437ce"}
